2026-07-24 11:25:28,526 - INFO - ℹ️ [COM7] 📤 使能 -> 启动S弯喷管
2026-07-24 11:25:29,961 - INFO - ℹ️ [COM7] 📤 喷管偏转(第1段) -> 方向:负, 角度:1.0度
2026-07-24 11:25:33,103 - INFO - ℹ️ [COM7] 📤 喷管偏转(第1段) -> 方向:负, 角度:4.0度
2026-07-24 11:25:36,988 - INFO - ℹ️ [COM7] 📤 喷管偏转(第1段) -> 方向:负, 角度:7.0度
2026-07-24 11:25:41,301 - INFO - ℹ️ [COM7] 📤 喷管偏转(第2段) -> 方向:正, 角度:3.0度
2026-07-24 11:26:32,722 - INFO - ℹ️ ==================================================
2026-07-24 11:26:32,724 - INFO - ℹ️ 🎉 欢迎使用 S弯喷管控制平台
2026-07-24 11:26:32,727 - INFO - ℹ️ 👤 当前登录用户: TH(管理员)
2026-07-24 11:26:32,729 - INFO - ℹ️ 🕐 登录时间: 2026-07-24 11:26:32
2026-07-24 11:26:32,733 - INFO - ℹ️ ==================================================
2026-07-24 11:26:32,917 - INFO - ℹ️ 自动添加设备 COM3
2026-07-24 11:26:32,943 - INFO - ℹ️ 自动添加设备 COM7
2026-07-24 11:26:33,019 - INFO - ℹ️ [COM3] 📤 自动握手 -> 唤醒通信
2026-07-24 11:26:33,060 - INFO - ℹ️ [COM7] 📤 自动握手 -> 唤醒通信
2026-07-24 11:26:35,870 - INFO - ℹ️ [COM7] 📤 使能 -> 启动S弯喷管
2026-07-24 11:26:37,648 - INFO - ℹ️ [COM7] 📤 喷管偏转(第1段) -> 方向:正, 角度:0.0度
2026-07-24 11:26:39,795 - INFO - ℹ️ [COM7] 📤 喷管偏转(第1段) -> 方向:负, 角度:2.0度
2026-07-24 11:27:05,941 - INFO - ℹ️ [COM7] 📤 喷管偏转(第2段) -> 方向:正, 角度:5.0度
2026-07-24 11:27:52,975 - INFO - ℹ️ [COM3] 📤 使能 -> 启动S弯喷管
2026-07-24 11:27:53,542 - INFO - ℹ️ [COM3] 📤 喷管偏转(第1段) -> 方向:正, 角度:0.0度
2026-07-24 11:27:58,208 - INFO - ℹ️ [COM3] 📤 喷管偏转(第1段) -> 方向:负, 角度:2.0度
2026-07-24 11:28:02,441 - INFO - ℹ️ [COM3] 📤 喷管偏转(第2段) -> 方向:正, 角度:0.0度
2026-07-24 11:28:47,678 - INFO - ℹ️ [COM3] 📤 喷管偏转(第1段) -> 方向:负, 角度:10.0度
2026-07-24 11:28:52,637 - INFO - ℹ️ [COM3] 📤 喷管偏转(第2段) -> 方向:正, 角度:4.0度
2026-07-24 11:31:04,895 - INFO - ℹ️ [COM3] 📤 喷管偏转(第1段) -> 方向:正, 角度:0.0度
2026-07-24 11:31:11,307 - INFO - ℹ️ [COM3] 📤 喷管偏转(第1段) -> 方向:负, 角度:6.0度
2026-07-24 11:32:13,596 - INFO - ℹ️ [COM3] 📤 喷管偏转(第1段) -> 方向:正, 角度:0.0度
2026-07-24 11:32:19,302 - INFO - ℹ️ [COM3] 📤 喷管偏转(第1段) -> 方向:负, 角度:11.0度
2026-07-24 11:33:51,318 - INFO - ℹ️ [COM3] 📤 偏转复位 -> 所有角度复位为0
2026-07-24 11:33:58,154 - INFO - ℹ️ [COM3] 📤 喷管偏转(第2段) -> 方向:正, 角度:3.0度
2026-07-24 11:34:00,272 - INFO - ℹ️ [COM3] 📤 喷管偏转(第1段) -> 方向:负, 角度:11.0度
2026-07-24 14:22:44,200 - INFO - ℹ️ ==================================================
2026-07-24 14:22:44,205 - INFO - ℹ️ 🎉 欢迎使用 S弯喷管控制平台
2026-07-24 14:22:44,208 - INFO - ℹ️ 👤 当前登录用户: TH(管理员)
2026-07-24 14:22:44,213 - INFO - ℹ️ 🕐 登录时间: 2026-07-24 14:22:44
2026-07-24 14:22:44,214 - INFO - ℹ️ ==================================================
2026-07-24 14:22:44,369 - INFO - ℹ️ 自动添加设备 COM3
2026-07-24 14:22:44,396 - INFO - ℹ️ 自动添加设备 COM7
2026-07-24 14:22:44,469 - INFO - ℹ️ [COM3] 📤 自动握手 -> 唤醒通信
2026-07-24 14:22:44,497 - INFO - ℹ️ [COM7] 📤 自动握手 -> 唤醒通信
2026-07-24 14:22:56,466 - INFO - ℹ️ [COM7] 📤 使能 -> 启动S弯喷管
2026-07-24 14:22:57,883 - INFO - ℹ️ [COM7] 📤 喷管偏转(第1段) -> 方向:负, 角度:4.0度
2026-07-24 14:23:00,071 - INFO - ℹ️ [COM7] 📤 喷管偏转(第1段) -> 方向:负, 角度:4.0度
2026-07-24 14:23:01,815 - INFO - ℹ️ [COM3] 📤 使能 -> 启动S弯喷管
2026-07-24 14:23:07,881 - INFO - ℹ️ [COM3] 📤 喷管偏转(第1段) -> 方向:负, 角度:6.0度
2026-07-24 14:23:12,325 - INFO - ℹ️ [COM3] 📤 喷管偏转(第1段) -> 方向:负, 角度:8.0度
2026-07-24 14:23:23,274 - INFO - ℹ️ [COM3] 📤 喷管偏转(第1段) -> 方向:负, 角度:5.0度
2026-07-24 14:24:01,727 - INFO - ℹ️ [COM3] 📤 喷管偏转(第1段) -> 方向:负, 角度:2.0度
2026-07-24 14:24:06,924 - INFO - ℹ️ [COM3] 📤 喷管偏转(第1段) -> 方向:正, 角度:0.0度
2026-07-24 14:24:42,278 - INFO - ℹ️ [COM3] 📤 喷管偏转(第1段) -> 方向:正, 角度:0.0度
2026-07-24 14:24:45,737 - INFO - ℹ️ [COM3] 📤 喷管偏转(第1段) -> 方向:负, 角度:2.0度
2026-07-24 14:25:09,346 - INFO - ℹ️ [COM3] 📤 失能 -> 关闭S弯喷管
2026-07-24 14:26:04,401 - INFO - ℹ️ ==================================================
2026-07-24 14:26:04,402 - INFO - ℹ️ 🎉 欢迎使用 S弯喷管控制平台
2026-07-24 14:26:04,404 - INFO - ℹ️ 👤 当前登录用户: TH(管理员)
2026-07-24 14:26:04,405 - INFO - ℹ️ 🕐 登录时间: 2026-07-24 14:26:04
2026-07-24 14:26:04,406 - INFO - ℹ️ ==================================================
2026-07-24 14:26:04,596 - INFO - ℹ️ 自动添加设备 COM3
2026-07-24 14:26:04,618 - INFO - ℹ️ 自动添加设备 COM7
2026-07-24 14:26:04,697 - INFO - ℹ️ [COM3] 📤 自动握手 -> 唤醒通信
2026-07-24 14:26:04,719 - INFO - ℹ️ [COM7] 📤 自动握手 -> 唤醒通信
2026-07-24 14:26:15,847 - INFO - ℹ️ [COM7] 📤 使能 -> 启动S弯喷管
2026-07-24 14:26:17,157 - INFO - ℹ️ [COM7] 📤 喷管偏转(第1段) -> 方向:负, 角度:8.0度
2026-07-24 14:26:33,903 - INFO - ℹ️ [COM3] 📤 使能 -> 启动S弯喷管
2026-07-24 14:26:34,469 - INFO - ℹ️ [COM3] 📤 喷管偏转(第1段) -> 方向:负, 角度:9.0度
2026-07-24 14:26:40,384 - INFO - ℹ️ [COM3] 📤 喷管偏转(第2段) -> 方向:正, 角度:4.0度
2026-07-24 14:26:49,660 - INFO - ℹ️ [COM3] 📤 喷管偏转(第2段) -> 方向:正, 角度:0.0度
2026-07-24 14:26:58,172 - INFO - ℹ️ [COM3] 📤 喷管偏转(第2段) -> 方向:正, 角度:4.0度
2026-07-24 14:28:27,688 - INFO - ℹ️ [COM3] 📤 喷管偏转(第1段) -> 方向:负, 角度:9.0度
2026-07-24 14:28:34,873 - INFO - ℹ️ [COM3] 📤 喷管偏转(第2段) -> 方向:正, 角度:0.0度
2026-07-24 14:34:02,102 - INFO - ℹ️ [COM3] 📤 喷管偏转(第1段) -> 方向:负, 角度:11.0度
2026-07-24 14:34:03,196 - INFO - ℹ️ [COM3] 📤 喷管偏转(第1段) -> 方向:负, 角度:11.0度
2026-07-24 14:34:05,402 - INFO - ℹ️ [COM3] 📤 喷管偏转(第1段) -> 方向:负, 角度:6.0度
2026-07-24 14:34:06,886 - INFO - ℹ️ [COM3] 📤 喷管偏转(第1段) -> 方向:负, 角度:7.0度
2026-07-24 14:34:08,117 - INFO - ℹ️ [COM3] 📤 喷管偏转(第1段) -> 方向:负, 角度:8.0度
2026-07-24 14:34:24,401 - WARNING - ⚠️ [COM3] 📤 紧急停止 -> LQTS紧急停止按钮
2026-07-24 14:37:49,018 - INFO - ℹ️ ==================================================
2026-07-24 14:37:49,020 - INFO - ℹ️ 🎉 欢迎使用 S弯喷管控制平台
2026-07-24 14:37:49,022 - INFO - ℹ️ 👤 当前登录用户: TH(管理员)
2026-07-24 14:37:49,023 - INFO - ℹ️ 🕐 登录时间: 2026-07-24 14:37:49
2026-07-24 14:37:49,026 - INFO - ℹ️ ==================================================
2026-07-24 14:37:49,292 - INFO - ℹ️ 自动添加设备 COM3
2026-07-24 14:37:49,339 - INFO - ℹ️ 自动添加设备 COM7
2026-07-24 14:37:49,419 - INFO - ℹ️ [COM3] 📤 自动握手 -> 唤醒通信
2026-07-24 14:37:49,447 - INFO - ℹ️ [COM7] 📤 自动握手 -> 唤醒通信
2026-07-24 14:49:22,669 - INFO - ℹ️ [COM3] 📤 使能 -> 启动S弯喷管
2026-07-24 14:49:23,724 - INFO - ℹ️ [COM3] 📤 喷管偏转(第1段) -> 方向:负, 角度:4.0度
2026-07-24 14:49:33,572 - INFO - ℹ️ [COM3] 📤 喷管偏转(第1段) -> 方向:负, 角度:7.0度
2026-07-24 14:50:56,245 - INFO - ℹ️ [COM3] 📤 喷管偏转(第1段) -> 方向:负, 角度:5.0度
2026-07-24 14:50:58,016 - INFO - ℹ️ [COM3] 📤 喷管偏转(第1段) -> 方向:负, 角度:7.0度
2026-07-24 14:50:59,445 - INFO - ℹ️ [COM3] 📤 喷管偏转(第1段) -> 方向:负, 角度:8.0度
2026-07-24 14:51:01,139 - INFO - ℹ️ [COM3] 📤 喷管偏转(第1段) -> 方向:负, 角度:9.0度
2026-07-24 14:52:06,839 - INFO - ℹ️ [COM3] 📤 喷管偏转(第2段) -> 方向:正, 角度:1.0度
2026-07-24 14:52:08,794 - INFO - ℹ️ [COM3] 📤 喷管偏转(第2段) -> 方向:正, 角度:1.0度
2026-07-24 14:52:12,072 - INFO - ℹ️ [COM3] 📤 喷管偏转(第2段) -> 方向:正, 角度:4.0度
2026-07-24 15:06:53,712 - INFO - ℹ️ [COM3] 📤 喷管偏转(第2段) -> 方向:正, 角度:2.0度
2026-07-24 15:06:59,394 - INFO - ℹ️ [COM3] 📤 喷管偏转(第2段) -> 方向:正, 角度:7.0度
2026-07-24 15:07:06,633 - INFO - ℹ️ [COM3] 📤 喷管偏转(第1段) -> 方向:负, 角度:9.0度
2026-07-24 15:18:27,259 - INFO - ℹ️ [COM3] 📤 偏转复位 -> 所有角度复位为0
2026-07-24 15:18:28,360 - INFO - ℹ️ [COM3] 📤 喷管偏转(第2段) -> 方向:正, 角度:9.0度
2026-07-24 15:18:28,573 - INFO - ℹ️ [COM3] 📤 喷管偏转(第2段) -> 方向:正, 角度:9.0度
2026-07-24 15:18:29,948 - INFO - ℹ️ [COM3] 📤 喷管偏转(第2段) -> 方向:正, 角度:9.0度
2026-07-24 15:18:30,971 - INFO - ℹ️ [COM3] 📤 喷管偏转(第1段) -> 方向:负, 角度:9.0度
2026-07-24 15:18:34,743 - INFO - ℹ️ [COM3] 📤 喷管偏转(第1段) -> 方向:负, 角度:12.0度
2026-07-24 15:18:38,871 - INFO - ℹ️ [COM3] 📤 喷管偏转(第1段) -> 方向:正, 角度:0.0度
2026-07-24 15:18:40,761 - INFO - ℹ️ [COM3] 📤 喷管偏转(第1段) -> 方向:负, 角度:1.0度
2026-07-24 15:18:42,014 - INFO - ℹ️ [COM3] 📤 喷管偏转(第1段) -> 方向:负, 角度:2.0度
2026-07-24 15:18:54,198 - INFO - ℹ️ [COM3] 📤 喷管偏转(第1段) -> 方向:负, 角度:6.0度
2026-07-24 15:18:58,098 - INFO - ℹ️ [COM3] 📤 喷管偏转(第2段) -> 方向:正, 角度:11.0度
2026-07-24 15:20:08,930 - INFO - ℹ️ [COM3] 📤 喷管偏转(第2段) -> 方向:正, 角度:9.0度
2026-07-24 15:20:09,409 - INFO - ℹ️ [COM3] 📤 喷管偏转(第1段) -> 方向:负, 角度:6.0度
2026-07-24 15:20:11,387 - INFO - ℹ️ [COM3] 📤 喷管偏转(第1段) -> 方向:负, 角度:2.0度
2026-07-24 15:20:14,031 - INFO - ℹ️ [COM3] 📤 喷管偏转(第1段) -> 方向:负, 角度:1.0度
2026-07-24 15:20:15,761 - INFO - ℹ️ [COM3] 📤 喷管偏转(第1段) -> 方向:正, 角度:0.0度
2026-07-24 15:20:19,620 - INFO - ℹ️ [COM3] 📤 喷管偏转(第1段) -> 方向:负, 角度:10.0度
2026-07-24 15:20:22,110 - INFO - ℹ️ [COM3] 📤 喷管偏转(第1段) -> 方向:负, 角度:8.0度
2026-07-24 15:21:17,876 - INFO - ℹ️ [COM3] 📤 喷管偏转(第1段) -> 方向:负, 角度:11.0度
2026-07-24 15:21:21,027 - INFO - ℹ️ [COM3] 📤 喷管偏转(第1段) -> 方向:负, 角度:7.0度
2026-07-24 15:21:23,335 - INFO - ℹ️ [COM3] 📤 喷管偏转(第1段) -> 方向:负, 角度:6.0度
2026-07-24 15:21:25,461 - INFO - ℹ️ [COM3] 📤 喷管偏转(第1段) -> 方向:负, 角度:4.0度
2026-07-24 15:21:27,670 - INFO - ℹ️ [COM3] 📤 喷管偏转(第1段) -> 方向:正, 角度:0.0度
2026-07-24 15:21:35,838 - INFO - ℹ️ [COM3] 📤 喷管偏转(第1段) -> 方向:负, 角度:2.0度
2026-07-24 15:21:46,569 - INFO - ℹ️ [COM3] 📤 喷管偏转(第1段) -> 方向:正, 角度:0.0度
2026-07-24 15:21:54,728 - INFO - ℹ️ [COM3] 📤 喷管偏转(第1段) -> 方向:负, 角度:10.0度
2026-07-24 15:22:04,162 - INFO - ℹ️ [COM3] 📤 喷管偏转(第1段) -> 方向:负, 角度:2.0度
2026-07-24 15:22:05,780 - INFO - ℹ️ [COM3] 📤 喷管偏转(第1段) -> 方向:正, 角度:0.0度
2026-07-24 15:22:09,039 - INFO - ℹ️ [COM3] 📤 喷管偏转(第1段) -> 方向:负, 角度:9.0度
2026-07-24 15:22:11,794 - INFO - ℹ️ [COM3] 📤 喷管偏转(第1段) -> 方向:负, 角度:10.0度
2026-07-24 15:22:15,894 - INFO - ℹ️ [COM3] 📤 喷管偏转(第1段) -> 方向:负, 角度:16.0度
2026-07-24 15:22:19,068 - INFO - ℹ️ [COM3] 📤 喷管偏转(第1段) -> 方向:负, 角度:20.0度
2026-07-24 15:23:04,826 - INFO - ℹ️ [COM3] 📤 喷管偏转(第1段) -> 方向:负, 角度:17.0度
2026-07-24 15:23:09,672 - INFO - ℹ️ [COM3] 📤 喷管偏转(第1段) -> 方向:正, 角度:0.0度
2026-07-24 15:23:16,728 - INFO - ℹ️ [COM3] 📤 喷管偏转(第1段) -> 方向:负, 角度:2.0度
2026-07-24 15:24:15,905 - INFO - ℹ️ [COM3] 📤 喷管偏转(第1段) -> 方向:负, 角度:2.0度
2026-07-24 15:24:17,308 - INFO - ℹ️ [COM3] 📤 喷管偏转(第1段) -> 方向:负, 角度:5.0度
2026-07-24 15:26:38,758 - INFO - ℹ️ [COM3] 📤 喷管偏转(第1段) -> 方向:正, 角度:0.0度
2026-07-24 15:26:40,513 - INFO - ℹ️ [COM3] 📤 喷管偏转(第1段) -> 方向:负, 角度:6.0度
2026-07-24 15:26:43,543 - INFO - ℹ️ [COM3] 📤 喷管偏转(第2段) -> 方向:正, 角度:8.0度
2026-07-24 15:26:51,466 - INFO - ℹ️ [COM3] 📤 喷管偏转(第1段) -> 方向:负, 角度:6.0度
2026-07-24 15:26:54,000 - INFO - ℹ️ [COM3] 📤 喷管偏转(第1段) -> 方向:负, 角度:9.0度
2026-07-24 15:27:17,095 - INFO - ℹ️ [COM3] 📤 喷管偏转(第1段) -> 方向:负, 角度:9.0度
2026-07-24 15:27:17,891 - INFO - ℹ️ [COM3] 📤 喷管偏转(第2段) -> 方向:正, 角度:5.0度
2026-07-24 15:27:20,102 - INFO - ℹ️ [COM3] 📤 喷管偏转(第2段) -> 方向:正, 角度:0.0度
2026-07-24 15:27:20,953 - INFO - ℹ️ [COM3] 📤 喷管偏转(第2段) -> 方向:正, 角度:0.0度
2026-07-24 15:27:31,662 - INFO - ℹ️ [COM3] 📤 喷管偏转(第2段) -> 方向:正, 角度:0.0度
2026-07-24 15:27:33,391 - INFO - ℹ️ [COM3] 📤 喷管偏转(第2段) -> 方向:正, 角度:2.0度
2026-07-24 15:27:33,707 - INFO - ℹ️ [COM3] 📤 喷管偏转(第2段) -> 方向:正, 角度:2.0度
2026-07-24 15:27:33,841 - INFO - ℹ️ [COM3] 📤 喷管偏转(第2段) -> 方向:正, 角度:2.0度
2026-07-24 15:27:58,921 - INFO - ℹ️ [COM3] 📤 失能 -> 关闭S弯喷管
2026-07-24 15:27:59,496 - INFO - ℹ️ [COM3] 📤 使能 -> 启动S弯喷管
2026-07-24 15:28:05,367 - INFO - ℹ️ [COM3] 📤 喷管偏转(第2段) -> 方向:正, 角度:4.0度
2026-07-24 15:28:07,245 - INFO - ℹ️ [COM3] 📤 喷管偏转(第2段) -> 方向:正, 角度:6.0度
2026-07-24 15:28:08,756 - INFO - ℹ️ [COM3] 📤 喷管偏转(第1段) -> 方向:负, 角度:11.0度
2026-07-24 15:28:11,093 - INFO - ℹ️ [COM3] 📤 喷管偏转(第1段) -> 方向:负, 角度:15.0度
2026-07-24 15:28:13,232 - INFO - ℹ️ [COM3] 📤 喷管偏转(第1段) -> 方向:负, 角度:19.0度
2026-07-24 15:28:14,500 - INFO - ℹ️ [COM3] 📤 喷管偏转(第1段) -> 方向:负, 角度:20.0度
2026-07-24 15:28:58,707 - INFO - ℹ️ [COM3] 📤 喷管偏转(第1段) -> 方向:负, 角度:16.0度
2026-07-24 15:29:00,452 - INFO - ℹ️ [COM3] 📤 喷管偏转(第2段) -> 方向:正, 角度:9.0度
2026-07-24 15:29:04,611 - INFO - ℹ️ [COM3] 📤 喷管偏转(第2段) -> 方向:正, 角度:20.0度
2026-07-24 15:29:16,560 - INFO - ℹ️ [COM3] 📤 喷管偏转(第2段) -> 方向:正, 角度:14.0度
2026-07-24 15:29:21,981 - INFO - ℹ️ [COM3] 📤 喷管偏转(第2段) -> 方向:正, 角度:10.0度
2026-07-24 15:34:08,916 - INFO - ℹ️ ==================================================
2026-07-24 15:34:08,921 - INFO - ℹ️ 🎉 欢迎使用 S弯喷管控制平台
2026-07-24 15:34:08,922 - INFO - ℹ️ 👤 当前登录用户: TH(管理员)
2026-07-24 15:34:08,924 - INFO - ℹ️ 🕐 登录时间: 2026-07-24 15:34:08
2026-07-24 15:34:08,926 - INFO - ℹ️ ==================================================
2026-07-24 15:34:09,260 - INFO - ℹ️ 自动添加设备 COM3
2026-07-24 15:34:09,310 - INFO - ℹ️ 自动添加设备 COM7
2026-07-24 15:34:09,468 - INFO - ℹ️ [COM3] 📤 自动握手 -> 唤醒通信
2026-07-24 15:34:09,470 - INFO - ℹ️ [COM7] 📤 自动握手 -> 唤醒通信
2026-07-24 15:34:43,809 - INFO - ℹ️ [COM3] 📤 使能 -> 启动S弯喷管
2026-07-24 15:34:44,351 - INFO - ℹ️ [COM3] 📤 喷管偏转(第2段) -> 方向:正, 角度:30.0度
2026-07-24 15:34:47,165 - INFO - ℹ️ [COM3] 📤 喷管偏转(第1段) -> 方向:负, 角度:30.0度
2026-07-24 15:35:04,595 - INFO - ℹ️ [COM3] 📤 喷管偏转(第2段) -> 方向:正, 角度:0.0度
2026-07-24 15:35:05,195 - INFO - ℹ️ [COM3] 📤 喷管偏转(第2段) -> 方向:正, 角度:0.0度
2026-07-24 15:35:09,740 - INFO - ℹ️ [COM3] 📤 喷管偏转(第2段) -> 方向:正, 角度:30.0度
2026-07-24 15:35:15,984 - INFO - ℹ️ [COM3] 📤 喷管偏转(第1段) -> 方向:正, 角度:0.0度
2026-07-24 15:35:22,701 - INFO - ℹ️ [COM3] 📤 喷管偏转(第1段) -> 方向:负, 角度:30.0度
2026-07-24 15:35:42,578 - INFO - ℹ️ [COM3] 📤 喷管偏转(第2段) -> 方向:正, 角度:0.0度
2026-07-24 15:35:44,601 - INFO - ℹ️ [COM3] 📤 偏转复位 -> 所有角度复位为0
2026-07-24 15:36:45,008 - INFO - ℹ️ [COM3] 📤 喷管偏转(第1段) -> 方向:负, 角度:30.0度
2026-07-24 15:36:47,011 - INFO - ℹ️ [COM3] 📤 喷管偏转(第2段) -> 方向:正, 角度:30.0度
2026-07-24 15:36:49,121 - INFO - ℹ️ [COM3] 📤 偏转复位 -> 所有角度复位为0
2026-07-24 15:37:22,966 - INFO - ℹ️ [COM3] 📤 喷管偏转(第1段) -> 方向:负, 角度:20.0度
2026-07-24 15:37:30,109 - INFO - ℹ️ [COM3] 📤 喷管偏转(第1段) -> 方向:负, 角度:10.0度
2026-07-24 15:37:32,553 - INFO - ℹ️ [COM3] 📤 喷管偏转(第1段) -> 方向:负, 角度:12.0度
2026-07-24 15:37:38,013 - INFO - ℹ️ [COM3] 📤 喷管偏转(第1段) -> 方向:负, 角度:25.0度
2026-07-24 15:37:41,441 - INFO - ℹ️ [COM3] 📤 喷管偏转(第1段) -> 方向:负, 角度:27.0度
2026-07-24 15:37:43,076 - INFO - ℹ️ [COM3] 📤 喷管偏转(第1段) -> 方向:负, 角度:28.0度
2026-07-24 15:37:44,077 - INFO - ℹ️ [COM3] 📤 喷管偏转(第1段) -> 方向:负, 角度:29.0度
2026-07-24 15:37:45,218 - INFO - ℹ️ [COM3] 📤 喷管偏转(第1段) -> 方向:负, 角度:30.0度
2026-07-24 15:37:50,150 - INFO - ℹ️ [COM3] 📤 喷管偏转(第1段) -> 方向:正, 角度:0.0度
2026-07-24 15:42:32,482 - INFO - ℹ️ [COM3] 📤 喷管偏转(第1段) -> 方向:负, 角度:6.0度
